------------------------------------------------------------
Timing Analyzer Summary
------------------------------------------------------------

Type  : Slow 1200mV 85C Model Setup 'Clk'
Slack : 10.749
TNS   : 0.000

Type  : Slow 1200mV 85C Model Hold 'Clk'
Slack : 0.348
TNS   : 0.000

Type  : Slow 1200mV 85C Model Recovery 'Clk'
Slack : 16.979
TNS   : 0.000

Type  : Slow 1200mV 85C Model Removal 'Clk'
Slack : 2.134
TNS   : 0.000

Type  : Slow 1200mV 85C Model Minimum Pulse Width 'Clk'
Slack : 9.688
TNS   : 0.000

Type  : Slow 1200mV 0C Model Setup 'Clk'
Slack : 11.446
TNS   : 0.000

Type  : Slow 1200mV 0C Model Hold 'Clk'
Slack : 0.312
TNS   : 0.000

Type  : Slow 1200mV 0C Model Recovery 'Clk'
Slack : 17.251
TNS   : 0.000

Type  : Slow 1200mV 0C Model Removal 'Clk'
Slack : 2.028
TNS   : 0.000

Type  : Slow 1200mV 0C Model Minimum Pulse Width 'Clk'
Slack : 9.710
TNS   : 0.000

Type  : Fast 1200mV 0C Model Setup 'Clk'
Slack : 15.703
TNS   : 0.000

Type  : Fast 1200mV 0C Model Hold 'Clk'
Slack : 0.152
TNS   : 0.000

Type  : Fast 1200mV 0C Model Recovery 'Clk'
Slack : 18.147
TNS   : 0.000

Type  : Fast 1200mV 0C Model Removal 'Clk'
Slack : 1.054
TNS   : 0.000

Type  : Fast 1200mV 0C Model Minimum Pulse Width 'Clk'
Slack : 9.465
TNS   : 0.000

------------------------------------------------------------
